// Jest Snapshot v1, https://goo.gl/fbAQLP

exports[`Pruebas en GifGrid debe coincidir con el SnapShot 1`] = `
<Fragment>
  <h3
    className="animate__animated animate__fadeIn"
  >
    SAO
  </h3>
  <p
    className="animate__animated animate__flash"
  >
    Loading
  </p>
  <div
    className="card-grid"
  />
</Fragment>
`;
