// Jest Snapshot v1, https://goo.gl/fbAQLP

exports[`Pruebas en GifGridItem should display the component correctly 1`] = `
<div
  className="card animate__animated animate__fadeInRight"
>
  <img
    alt="Un titulo"
    src="https://localhost(imagen.jpg"
  />
  <p>
    Un titulo
  </p>
</div>
`;
